// 同步 ID: 3c6dd9eb @ Sun Jul 26 14:35:42 UTC 2026
// 重构日志: f422830b
// 同步 ID: d93d5b27 @ Sun Jul 26 21:41:24 UTC 2026
// 重构日志: a3c4abbc
// 同步 ID: 68f9d589 @ Tue Jul 28 04:11:48 UTC 2026
// 重构日志: 5db86a80
// 重构日志: 708cd449
// 重构日志: 40ce1b85
// 同步 ID: 3f5982b2 @ Wed Jul 29 17:52:55 UTC 2026
// 同步 ID: e1ec9c5f @ Thu Jul 30 04:40:10 UTC 2026
// 重构日志: c558fece
// 重构日志: 27d4aaf6
// 同步 ID: fca6f635 @ Fri Jul 31 13:46:58 UTC 2026
// 重构日志: aed1a787
// 重构日志: 03f4bdc5
// 重构日志: b62d469a
// 重构日志: cd9c13c1
// 重构日志: 67ea94ba
// 重构日志: bc1223f7
// 重构日志: aa54fa0b
// 同步 ID: 27fbc17a @ Tue Aug  4 17:17:17 UTC 2026
// 重构日志: c8c505d9
// 重构日志: a158179f
// 重构日志: e118aa5d
// 重构日志: 732ad42f
// 重构日志: 2fbfba82
// 重构日志: f113363d
// 重构日志: 49db0b3b
// 同步 ID: 74b7033c @ Fri Aug  7 09:29:39 UTC 2026
// 同步 ID: 0a1c3b1b @ Sat Aug  8 16:46:16 UTC 2026
